
There are no discarded input sections

Memory Configuration

Name             Origin             Length             Attributes
RAM              0x20000000         0x00002800         xrw
*default*        0x00000000         0xffffffff

Linker script and memory map

LOAD C:\Users\josef\AppData\Local\Temp\ccX1rScF.o
LOAD C:\Users\josef\AppData\Local\Temp\ccnuEswM.o

.text           0x20000000       0x40
 *(.init)
 .init          0x20000000       0x10 C:\Users\josef\AppData\Local\Temp\ccX1rScF.o
                0x20000000                _start
 *(.text*)
 .text          0x20000010        0x0 C:\Users\josef\AppData\Local\Temp\ccX1rScF.o
 .text          0x20000010        0x0 C:\Users\josef\AppData\Local\Temp\ccnuEswM.o
 .text.startup  0x20000010       0x30 C:\Users\josef\AppData\Local\Temp\ccnuEswM.o
                0x20000010                main
 *(.rodata*)

.rela.dyn       0x20000040        0x0
 .rela.init     0x20000040        0x0 C:\Users\josef\AppData\Local\Temp\ccX1rScF.o

.data           0x20000040        0x0
 *(.data*)
 .data          0x20000040        0x0 C:\Users\josef\AppData\Local\Temp\ccX1rScF.o
 .data          0x20000040        0x0 C:\Users\josef\AppData\Local\Temp\ccnuEswM.o

.bss            0x20000040        0x0
 *(.bss*)
 .bss           0x20000040        0x0 C:\Users\josef\AppData\Local\Temp\ccX1rScF.o
 .bss           0x20000040        0x0 C:\Users\josef\AppData\Local\Temp\ccnuEswM.o
                0x20002800                        _estack = (ORIGIN (RAM) + LENGTH (RAM))
OUTPUT(program.elf elf32-littleriscv)

.riscv.attributes
                0x00000000       0x41
 .riscv.attributes
                0x00000000       0x3f C:\Users\josef\AppData\Local\Temp\ccX1rScF.o
 .riscv.attributes
                0x0000003f       0x41 C:\Users\josef\AppData\Local\Temp\ccnuEswM.o

.comment        0x00000000       0x33
 .comment       0x00000000       0x33 C:\Users\josef\AppData\Local\Temp\ccnuEswM.o
                                 0x34 (size before relaxing)

.note.GNU-stack
                0x00000000        0x0
 .note.GNU-stack
                0x00000000        0x0 C:\Users\josef\AppData\Local\Temp\ccnuEswM.o
